src/components/client/ClientSectionNew.tsx(56,14): error TS6133: 'initialClients' is declared but its value is never read.
src/components/client/ClientSectionNew.tsx(60,5): error TS6133: 'clientEmail' is declared but its value is never read.
src/components/client/ClientSectionNew.tsx(63,5): error TS6133: 'contactIdentity' is declared but its value is never read.
src/components/client/ClientSectionNew.tsx(66,5): error TS6133: 'contactAddress' is declared but its value is never read.
src/components/client/ClientSectionNew.tsx(75,5): error TS6133: 'onClientEmailChange' is declared but its value is never read.
src/components/client/ClientSectionNew.tsx(78,5): error TS6133: 'onContactIdentityChange' is declared but its value is never read.
src/components/client/ClientSectionNew.tsx(81,5): error TS6133: 'onContactAddressChange' is declared but its value is never read.
src/components/client/ClientSectionNew.tsx(150,11): error TS6133: 'displayClients' is declared but its value is never read.
src/components/parameter/AnalysisModalNew.tsx(5,23): error TS6133: 'searchMatrices' is declared but its value is never read.
src/components/Sidebar.tsx(17,36): error TS6133: 'hasAccess' is declared but its value is never read.
src/components/ui/resizable.tsx(12,51): error TS2339: Property 'PanelGroup' does not exist on type 'typeof import("C:/Users/quang/Desktop/desktop/Back/NEW UI/partner/node_modules/react-resizable-panels/dist/react-resizable-panels")'.
src/components/ui/resizable.tsx(14,25): error TS2339: Property 'PanelGroup' does not exist on type 'typeof import("C:/Users/quang/Desktop/desktop/Back/NEW UI/partner/node_modules/react-resizable-panels/dist/react-resizable-panels")'.
src/components/ui/resizable.tsx(35,51): error TS2339: Property 'PanelResizeHandle' does not exist on type 'typeof import("C:/Users/quang/Desktop/desktop/Back/NEW UI/partner/node_modules/react-resizable-panels/dist/react-resizable-panels")'.
src/components/ui/resizable.tsx(39,25): error TS2339: Property 'PanelResizeHandle' does not exist on type 'typeof import("C:/Users/quang/Desktop/desktop/Back/NEW UI/partner/node_modules/react-resizable-panels/dist/react-resizable-panels")'.
src/components/ui/resizable.tsx(52,26): error TS2339: Property 'PanelResizeHandle' does not exist on type 'typeof import("C:/Users/quang/Desktop/desktop/Back/NEW UI/partner/node_modules/react-resizable-panels/dist/react-resizable-panels")'.
